[app.jusfy.com.br/index.html]
[app.jusfy.com.br/jusfinder/index.html]
[app.jusfy.com.br/index-2.html]
[backblue.gif]
[fade.gif]
[index.html]
[app.jusfy.com.br/media/favicon.png]
[fonts.googleapis.com/index.html]
[fonts.cdnfonts.com/css/switzer.css]
[app.jusfy.com.br/index-3.html]
[js.hs-scripts.com/47445192.js]
[fast.appcues.com/214585.js]
[www.googletagmanager.com/gtag/jse17d]
[www.googletagmanager.com/gtm4912.js]
[www.googletagmanager.com/gtm7e18.js]
[connect.facebook.net/en_US/fbevents.js]
[track.jusfy.dev/script.js]
[app.jusfy.com.br/static/css/main.28d97db7.css]
[app.jusfy.com.br/media/logos/jusfy-azul.svg]
[www.googletagmanager.com/ns4912.html]
[app.jusfy.com.br/static/js/main.ea39d7ec.js]
[www.googletagmanager.com/ns7e18.html]
[app.jusfy.com.br/index.html]
[diffuser-cdn.app-us1.com/diffuser/diffuser.js]
[app.jusfy.com.br/jusfinder/index.html]
[app.jusfy.com.br/index-2.html]
[app.jusfy.com.br/jusfinder/index-2.html]
[fonts.googleapis.com/index.html]
[fonts.gstatic.com/index.html]
[fonts.googleapis.com/css25db0.css]
[fonts.googleapis.com/css7fe9.css]
[fonts.googleapis.com/icone91f.css]
[fonts.googleapis.com/css7dfd.css]
[app.jusfy.com.br/css/splash-screen.css]
[fonts.cdnfonts.com/css/switzer.css]
[fonts.googleapis.com/css26ed5.css]
[fonts.googleapis.com/css23568.css]
[app.jusfy.com.br/index-3.html]
[www.googletagmanager.com/gtag/js0102.html]
[app.jusfy.com.br/index-4.html]
[app.jusfy.com.br/index-5.html]
[app.jusfy.com.br/signals/config/index.html]
[app.jusfy.com.br/schema.org/index.html]
[app.jusfy.com.br/index-7.html]
[app.jusfy.com.br/index-6.html]
[app.jusfy.com.br/signals/plugins/index.html]
[app.jusfy.com.br/index-8.html]
[app.jusfy.com.br/signals/index.html]
[app.jusfy.com.br/signals/index0fc5.html]
[app.jusfy.com.br/index-9.html]
[connect.facebook.net/en_US/fbevents.js]
[app.jusfy.com.br/index-10.html]
[www.facebook.com/trab93]
[app.jusfy.com.br/static/media/Ki.976bf9a96935eaaf57ce.eot]
[app.jusfy.com.br/static/media/Ki.976bf9a96935eaaf57ced41d.eot]
[app.jusfy.com.br/static/media/Ki.f6fde817cad4de6994a2.woff]
[app.jusfy.com.br/static/media/Ki.8427713fdae4ae2e3ac4.ttf]
[app.jusfy.com.br/static/media/Ki.543cfe6e0771d39c01b4.svg]
[app.jusfy.com.br/static/media/socicon.ec23f2c6ea40d7043ca8.eot]
[app.jusfy.com.br/static/media/socicon.ec23f2c6ea40d7043ca8d41d.eot]
[app.jusfy.com.br/static/media/socicon.fa1cafd691508aa474d6.woff]
[app.jusfy.com.br/static/media/socicon.578ecee55f406ce82f5b.ttf]
[app.jusfy.com.br/static/media/socicon.d1edd88f5dd84572d00d.svg]
[app.jusfy.com.br/static/media/fa-brands-400.607a77859353c0cc1882.eot]
[app.jusfy.com.br/static/media/fa-brands-400.607a77859353c0cc1882d41d.eot]
[app.jusfy.com.br/static/media/fa-brands-400.31015e861aeb30ff8355.woff2]
[app.jusfy.com.br/static/media/fa-brands-400.ee26f57bc9e3619b022b.woff]
[app.jusfy.com.br/static/media/fa-brands-400.5818bbd07dfd7095920a.ttf]
[app.jusfy.com.br/static/media/fa-brands-400.3c45c98f6f6c1b009c08.svg]
[app.jusfy.com.br/static/media/fa-regular-400.0747be4cba2f8600544f.eot]
[app.jusfy.com.br/static/media/fa-regular-400.0747be4cba2f8600544fd41d.eot]
[app.jusfy.com.br/static/media/fa-regular-400.c52405129ae48097815d.woff2]
[app.jusfy.com.br/static/media/fa-regular-400.8b892b7904a39e37c53d.woff]
[app.jusfy.com.br/static/media/fa-regular-400.c3146b3524e97475c094.ttf]
[app.jusfy.com.br/static/media/fa-regular-400.ab47faeab8ddc5f809ec.svg]
[app.jusfy.com.br/static/media/fa-solid-900.7eefe04dc985dd4ad38b.eot]
[app.jusfy.com.br/static/media/fa-solid-900.7eefe04dc985dd4ad38bd41d.eot]
[app.jusfy.com.br/static/media/fa-solid-900.9451d5fee89b51a20f8a.woff2]
[app.jusfy.com.br/static/media/fa-solid-900.a940d584750708f5435c.woff]
[app.jusfy.com.br/static/media/fa-solid-900.32267f3b4db33a7c85ee.ttf]
[app.jusfy.com.br/static/media/Flaticon.ff4db9d699282a5e5f6c.eot]
[app.jusfy.com.br/static/media/Flaticon.ff4db9d699282a5e5f6cd41d.eot]
[app.jusfy.com.br/static/media/fa-solid-900.18df003f90a7f1313b98.svg]
[app.jusfy.com.br/static/media/Flaticon.a53eae6b65c8492060d7.woff]
[app.jusfy.com.br/static/media/Flaticon.00eacf86b4318d9958a8.ttf]
[app.jusfy.com.br/static/media/Flaticon.9b97d4a03f52096e0278.svg]
[app.jusfy.com.br/static/media/Flaticon2.5971908741f540117ba1.eot]
[app.jusfy.com.br/static/media/Flaticon2.5971908741f540117ba1d41d.eot]
[app.jusfy.com.br/static/media/Flaticon2.76f38df3aea1a621f8bf.woff]
[app.jusfy.com.br/static/media/Flaticon2.41914745046d0478cead.ttf]
[app.jusfy.com.br/static/css/main.28d97db7.css]
[app.jusfy.com.br/media/logos/jusfy-azul.svg]
[app.jusfy.com.br/static/media/Flaticon2.79370877b4f6af461592.svg]
[www.googletagmanager.com/ns4912.html]
[www.googletagmanager.com/ns7e18.html]
[app.jusfy.com.br/jusfinder/index-2.html]
[app.jusfy.com.br/signals/config/index.html]
[app.jusfy.com.br/index-4.html]
[app.jusfy.com.br/index-5.html]
[app.jusfy.com.br/signals/config/index-2.html]
[app.jusfy.com.br/signals/plugins/index.html]
[app.jusfy.com.br/signals/plugins/index-2.html]
[app.jusfy.com.br/schema.org/index.html]
[app.jusfy.com.br/index-6.html]
[app.jusfy.com.br/index-7.html]
[app.jusfy.com.br/index-8.html]
[app.jusfy.com.br/schema.org/index-2.html]
[app.jusfy.com.br/signals/index.html]
[app.jusfy.com.br/signals/index0fc5.html]
[app.jusfy.com.br/index-9.html]
[app.jusfy.com.br/index-10.html]
[app.jusfy.com.br/static/media/Ki.543cfe6e0771d39c01b4.svg]
[app.jusfy.com.br/static/media/socicon.d1edd88f5dd84572d00d.svg]
[app.jusfy.com.br/static/media/fa-brands-400.3c45c98f6f6c1b009c08.svg]
[app.jusfy.com.br/static/media/fa-regular-400.ab47faeab8ddc5f809ec.svg]
[app.jusfy.com.br/signals/index-2.html]
[app.jusfy.com.br/static/media/fa-solid-900.18df003f90a7f1313b98.svg]
[app.jusfy.com.br/static/media/Flaticon.9b97d4a03f52096e0278.svg]
[app.jusfy.com.br/static/media/Flaticon2.79370877b4f6af461592.svg]
[www.googleadservices.com/pagead/conversion/380889985/index6be3.html]
[www.googleadservices.com/pagead/conversion/380889985/index5ed8.html]
[app.jusfy.com.br/signals/config/index-2.html]
[app.jusfy.com.br/signals/plugins/index-2.html]
[app.jusfy.com.br/schema.org/index-2.html]
[app.jusfy.com.br/signals/index-2.html]
[bat.bing.com/action/0b8ce.html]
[bat.bing.com/action/0902b.html]
[bat.bing.com/action/04fea.html]
